Archive member included to satisfy reference by file (symbol)

h:/vendors/efinity/efinity-riscv-ide-2025.1/toolchain/bin/../lib/gcc/riscv-none-embed/8.3.0/../../../../riscv-none-embed/lib/rv32i/ilp32\libc.a(lib_a-init.o)
                              build/obj_files/start.o (__libc_init_array)
h:/vendors/efinity/efinity-riscv-ide-2025.1/toolchain/bin/../lib/gcc/riscv-none-embed/8.3.0/../../../../riscv-none-embed/lib/rv32i/ilp32\libc.a(lib_a-strcat.o)
                              build/obj_files/main.o (strcat)
h:/vendors/efinity/efinity-riscv-ide-2025.1/toolchain/bin/../lib/gcc/riscv-none-embed/8.3.0/../../../../riscv-none-embed/lib/rv32i/ilp32\libc.a(lib_a-strcpy.o)
                              h:/vendors/efinity/efinity-riscv-ide-2025.1/toolchain/bin/../lib/gcc/riscv-none-embed/8.3.0/../../../../riscv-none-embed/lib/rv32i/ilp32\libc.a(lib_a-strcat.o) (strcpy)
h:/vendors/efinity/efinity-riscv-ide-2025.1/toolchain/bin/../lib/gcc/riscv-none-embed/8.3.0/../../../../riscv-none-embed/lib/rv32i/ilp32\libc.a(lib_a-strlen.o)
                              build/obj_files/main.o (strlen)
h:/vendors/efinity/efinity-riscv-ide-2025.1/toolchain/bin/../lib/gcc/riscv-none-embed/8.3.0/rv32i/ilp32\libgcc.a(ledf2.o)
                              build/obj_files/main.o (__ltdf2)
h:/vendors/efinity/efinity-riscv-ide-2025.1/toolchain/bin/../lib/gcc/riscv-none-embed/8.3.0/rv32i/ilp32\libgcc.a(muldf3.o)
                              build/obj_files/main.o (__muldf3)
h:/vendors/efinity/efinity-riscv-ide-2025.1/toolchain/bin/../lib/gcc/riscv-none-embed/8.3.0/rv32i/ilp32\libgcc.a(subdf3.o)
                              build/obj_files/main.o (__subdf3)
h:/vendors/efinity/efinity-riscv-ide-2025.1/toolchain/bin/../lib/gcc/riscv-none-embed/8.3.0/rv32i/ilp32\libgcc.a(fixdfsi.o)
                              build/obj_files/main.o (__fixdfsi)
h:/vendors/efinity/efinity-riscv-ide-2025.1/toolchain/bin/../lib/gcc/riscv-none-embed/8.3.0/rv32i/ilp32\libgcc.a(floatsidf.o)
                              build/obj_files/main.o (__floatsidf)
h:/vendors/efinity/efinity-riscv-ide-2025.1/toolchain/bin/../lib/gcc/riscv-none-embed/8.3.0/rv32i/ilp32\libgcc.a(gesf2.o)
                              build/obj_files/main.o (__gtsf2)
h:/vendors/efinity/efinity-riscv-ide-2025.1/toolchain/bin/../lib/gcc/riscv-none-embed/8.3.0/rv32i/ilp32\libgcc.a(lesf2.o)
                              build/obj_files/main.o (__ltsf2)
h:/vendors/efinity/efinity-riscv-ide-2025.1/toolchain/bin/../lib/gcc/riscv-none-embed/8.3.0/rv32i/ilp32\libgcc.a(fixsfsi.o)
                              build/obj_files/main.o (__fixsfsi)
h:/vendors/efinity/efinity-riscv-ide-2025.1/toolchain/bin/../lib/gcc/riscv-none-embed/8.3.0/rv32i/ilp32\libgcc.a(extendsfdf2.o)
                              build/obj_files/main.o (__extendsfdf2)
h:/vendors/efinity/efinity-riscv-ide-2025.1/toolchain/bin/../lib/gcc/riscv-none-embed/8.3.0/rv32i/ilp32\libgcc.a(truncdfsf2.o)
                              build/obj_files/main.o (__truncdfsf2)
h:/vendors/efinity/efinity-riscv-ide-2025.1/toolchain/bin/../lib/gcc/riscv-none-embed/8.3.0/rv32i/ilp32\libgcc.a(muldi3.o)
                              h:/vendors/efinity/efinity-riscv-ide-2025.1/toolchain/bin/../lib/gcc/riscv-none-embed/8.3.0/rv32i/ilp32\libgcc.a(muldf3.o) (__mulsi3)
h:/vendors/efinity/efinity-riscv-ide-2025.1/toolchain/bin/../lib/gcc/riscv-none-embed/8.3.0/rv32i/ilp32\libgcc.a(div.o)
                              build/obj_files/main.o (__divsi3)
h:/vendors/efinity/efinity-riscv-ide-2025.1/toolchain/bin/../lib/gcc/riscv-none-embed/8.3.0/rv32i/ilp32\libgcc.a(_clzsi2.o)
                              h:/vendors/efinity/efinity-riscv-ide-2025.1/toolchain/bin/../lib/gcc/riscv-none-embed/8.3.0/rv32i/ilp32\libgcc.a(muldf3.o) (__clzsi2)
h:/vendors/efinity/efinity-riscv-ide-2025.1/toolchain/bin/../lib/gcc/riscv-none-embed/8.3.0/rv32i/ilp32\libgcc.a(_clz.o)
                              h:/vendors/efinity/efinity-riscv-ide-2025.1/toolchain/bin/../lib/gcc/riscv-none-embed/8.3.0/rv32i/ilp32\libgcc.a(_clzsi2.o) (__clz_tab)
h:/vendors/efinity/efinity-riscv-ide-2025.1/toolchain/bin/../lib/gcc/riscv-none-embed/8.3.0/../../../../riscv-none-embed/lib/rv32i/ilp32\libm.a(lib_a-w_pow.o)
                              build/obj_files/main.o (pow)
h:/vendors/efinity/efinity-riscv-ide-2025.1/toolchain/bin/../lib/gcc/riscv-none-embed/8.3.0/../../../../riscv-none-embed/lib/rv32i/ilp32\libm.a(lib_a-e_pow.o)
                              h:/vendors/efinity/efinity-riscv-ide-2025.1/toolchain/bin/../lib/gcc/riscv-none-embed/8.3.0/../../../../riscv-none-embed/lib/rv32i/ilp32\libm.a(lib_a-w_pow.o) (__ieee754_pow)
h:/vendors/efinity/efinity-riscv-ide-2025.1/toolchain/bin/../lib/gcc/riscv-none-embed/8.3.0/../../../../riscv-none-embed/lib/rv32i/ilp32\libm.a(lib_a-e_sqrt.o)
                              h:/vendors/efinity/efinity-riscv-ide-2025.1/toolchain/bin/../lib/gcc/riscv-none-embed/8.3.0/../../../../riscv-none-embed/lib/rv32i/ilp32\libm.a(lib_a-e_pow.o) (__ieee754_sqrt)
h:/vendors/efinity/efinity-riscv-ide-2025.1/toolchain/bin/../lib/gcc/riscv-none-embed/8.3.0/../../../../riscv-none-embed/lib/rv32i/ilp32\libm.a(lib_a-s_fabs.o)
                              h:/vendors/efinity/efinity-riscv-ide-2025.1/toolchain/bin/../lib/gcc/riscv-none-embed/8.3.0/../../../../riscv-none-embed/lib/rv32i/ilp32\libm.a(lib_a-e_pow.o) (fabs)
h:/vendors/efinity/efinity-riscv-ide-2025.1/toolchain/bin/../lib/gcc/riscv-none-embed/8.3.0/../../../../riscv-none-embed/lib/rv32i/ilp32\libm.a(lib_a-s_finite.o)
                              h:/vendors/efinity/efinity-riscv-ide-2025.1/toolchain/bin/../lib/gcc/riscv-none-embed/8.3.0/../../../../riscv-none-embed/lib/rv32i/ilp32\libm.a(lib_a-w_pow.o) (finite)
h:/vendors/efinity/efinity-riscv-ide-2025.1/toolchain/bin/../lib/gcc/riscv-none-embed/8.3.0/../../../../riscv-none-embed/lib/rv32i/ilp32\libm.a(lib_a-s_lib_ver.o)
                              h:/vendors/efinity/efinity-riscv-ide-2025.1/toolchain/bin/../lib/gcc/riscv-none-embed/8.3.0/../../../../riscv-none-embed/lib/rv32i/ilp32\libm.a(lib_a-w_pow.o) (__fdlib_version)
h:/vendors/efinity/efinity-riscv-ide-2025.1/toolchain/bin/../lib/gcc/riscv-none-embed/8.3.0/../../../../riscv-none-embed/lib/rv32i/ilp32\libm.a(lib_a-s_nan.o)
                              h:/vendors/efinity/efinity-riscv-ide-2025.1/toolchain/bin/../lib/gcc/riscv-none-embed/8.3.0/../../../../riscv-none-embed/lib/rv32i/ilp32\libm.a(lib_a-e_pow.o) (nan)
h:/vendors/efinity/efinity-riscv-ide-2025.1/toolchain/bin/../lib/gcc/riscv-none-embed/8.3.0/../../../../riscv-none-embed/lib/rv32i/ilp32\libm.a(lib_a-s_rint.o)
                              h:/vendors/efinity/efinity-riscv-ide-2025.1/toolchain/bin/../lib/gcc/riscv-none-embed/8.3.0/../../../../riscv-none-embed/lib/rv32i/ilp32\libm.a(lib_a-w_pow.o) (rint)
h:/vendors/efinity/efinity-riscv-ide-2025.1/toolchain/bin/../lib/gcc/riscv-none-embed/8.3.0/../../../../riscv-none-embed/lib/rv32i/ilp32\libm.a(lib_a-s_scalbn.o)
                              h:/vendors/efinity/efinity-riscv-ide-2025.1/toolchain/bin/../lib/gcc/riscv-none-embed/8.3.0/../../../../riscv-none-embed/lib/rv32i/ilp32\libm.a(lib_a-e_pow.o) (scalbn)
h:/vendors/efinity/efinity-riscv-ide-2025.1/toolchain/bin/../lib/gcc/riscv-none-embed/8.3.0/rv32i/ilp32\libgcc.a(adddf3.o)
                              h:/vendors/efinity/efinity-riscv-ide-2025.1/toolchain/bin/../lib/gcc/riscv-none-embed/8.3.0/../../../../riscv-none-embed/lib/rv32i/ilp32\libm.a(lib_a-e_pow.o) (__adddf3)
h:/vendors/efinity/efinity-riscv-ide-2025.1/toolchain/bin/../lib/gcc/riscv-none-embed/8.3.0/rv32i/ilp32\libgcc.a(divdf3.o)
                              h:/vendors/efinity/efinity-riscv-ide-2025.1/toolchain/bin/../lib/gcc/riscv-none-embed/8.3.0/../../../../riscv-none-embed/lib/rv32i/ilp32\libm.a(lib_a-w_pow.o) (__divdf3)
h:/vendors/efinity/efinity-riscv-ide-2025.1/toolchain/bin/../lib/gcc/riscv-none-embed/8.3.0/rv32i/ilp32\libgcc.a(eqdf2.o)
                              h:/vendors/efinity/efinity-riscv-ide-2025.1/toolchain/bin/../lib/gcc/riscv-none-embed/8.3.0/../../../../riscv-none-embed/lib/rv32i/ilp32\libm.a(lib_a-w_pow.o) (__eqdf2)
h:/vendors/efinity/efinity-riscv-ide-2025.1/toolchain/bin/../lib/gcc/riscv-none-embed/8.3.0/rv32i/ilp32\libgcc.a(gedf2.o)
                              h:/vendors/efinity/efinity-riscv-ide-2025.1/toolchain/bin/../lib/gcc/riscv-none-embed/8.3.0/../../../../riscv-none-embed/lib/rv32i/ilp32\libm.a(lib_a-e_pow.o) (__gedf2)
h:/vendors/efinity/efinity-riscv-ide-2025.1/toolchain/bin/../lib/gcc/riscv-none-embed/8.3.0/rv32i/ilp32\libgcc.a(unorddf2.o)
                              h:/vendors/efinity/efinity-riscv-ide-2025.1/toolchain/bin/../lib/gcc/riscv-none-embed/8.3.0/../../../../riscv-none-embed/lib/rv32i/ilp32\libm.a(lib_a-w_pow.o) (__unorddf2)
h:/vendors/efinity/efinity-riscv-ide-2025.1/toolchain/bin/../lib/gcc/riscv-none-embed/8.3.0/../../../../riscv-none-embed/lib/rv32i/ilp32\libg.a(lib_a-errno.o)
                              h:/vendors/efinity/efinity-riscv-ide-2025.1/toolchain/bin/../lib/gcc/riscv-none-embed/8.3.0/../../../../riscv-none-embed/lib/rv32i/ilp32\libm.a(lib_a-w_pow.o) (__errno)
h:/vendors/efinity/efinity-riscv-ide-2025.1/toolchain/bin/../lib/gcc/riscv-none-embed/8.3.0/../../../../riscv-none-embed/lib/rv32i/ilp32\libg.a(lib_a-impure.o)
                              h:/vendors/efinity/efinity-riscv-ide-2025.1/toolchain/bin/../lib/gcc/riscv-none-embed/8.3.0/../../../../riscv-none-embed/lib/rv32i/ilp32\libg.a(lib_a-errno.o) (_impure_ptr)

Memory Configuration

Name             Origin             Length             Attributes
ram              0x00000000f9000000 0x0000000000010000 axwl !r
*default*        0x0000000000000000 0xffffffffffffffff

Linker script and memory map

LOAD build/obj_files/main.o
LOAD build/obj_files/start.o
LOAD h:/vendors/efinity/efinity-riscv-ide-2025.1/toolchain/bin/../lib/gcc/riscv-none-embed/8.3.0/../../../../riscv-none-embed/lib/rv32i/ilp32\libc.a
LOAD h:/vendors/efinity/efinity-riscv-ide-2025.1/toolchain/bin/../lib/gcc/riscv-none-embed/8.3.0/rv32i/ilp32\libgcc.a
                0x0000000000002000                __stack_size = DEFINED (__stack_size)?__stack_size:0x2000

.init           0x00000000f9000000       0xa8
 *(SORT_NONE(.init))
 .init          0x00000000f9000000       0xa8 build/obj_files/start.o
                0x00000000f9000000                _start
                0x00000000f9000014                smp_slave
                0x00000000f9000038                smp_unlock
                0x00000000f90000a4                _init

.text           0x00000000f90000a8     0x4c00
 *(.text.Proc_1)
 *(.text.Proc_2)
 *(.text.Proc_3)
 *(.text.Proc_4)
 *(.text.Proc_5)
 *(.text.Proc_6)
 *(.text.Proc_7)
 *(.text.Proc_8)
 *(.text.Func_1)
 *(.text.Func_2)
 *(.text.Func_3)
 *(.text.strcpy)
 .text.strcpy   0x00000000f90000a8       0xb0 h:/vendors/efinity/efinity-riscv-ide-2025.1/toolchain/bin/../lib/gcc/riscv-none-embed/8.3.0/../../../../riscv-none-embed/lib/rv32i/ilp32\libc.a(lib_a-strcpy.o)
                0x00000000f90000a8                strcpy
 *libc.a:*(.text .text.*)
 .text          0x00000000f9000158        0x0 h:/vendors/efinity/efinity-riscv-ide-2025.1/toolchain/bin/../lib/gcc/riscv-none-embed/8.3.0/../../../../riscv-none-embed/lib/rv32i/ilp32\libc.a(lib_a-init.o)
 .text.__libc_init_array
                0x00000000f9000158       0x94 h:/vendors/efinity/efinity-riscv-ide-2025.1/toolchain/bin/../lib/gcc/riscv-none-embed/8.3.0/../../../../riscv-none-embed/lib/rv32i/ilp32\libc.a(lib_a-init.o)
                0x00000000f9000158                __libc_init_array
 .text          0x00000000f90001ec        0x0 h:/vendors/efinity/efinity-riscv-ide-2025.1/toolchain/bin/../lib/gcc/riscv-none-embed/8.3.0/../../../../riscv-none-embed/lib/rv32i/ilp32\libc.a(lib_a-strcat.o)
 .text.strcat   0x00000000f90001ec       0xa0 h:/vendors/efinity/efinity-riscv-ide-2025.1/toolchain/bin/../lib/gcc/riscv-none-embed/8.3.0/../../../../riscv-none-embed/lib/rv32i/ilp32\libc.a(lib_a-strcat.o)
                0x00000000f90001ec                strcat
 .text          0x00000000f900028c        0x0 h:/vendors/efinity/efinity-riscv-ide-2025.1/toolchain/bin/../lib/gcc/riscv-none-embed/8.3.0/../../../../riscv-none-embed/lib/rv32i/ilp32\libc.a(lib_a-strcpy.o)
 .text          0x00000000f900028c        0x0 h:/vendors/efinity/efinity-riscv-ide-2025.1/toolchain/bin/../lib/gcc/riscv-none-embed/8.3.0/../../../../riscv-none-embed/lib/rv32i/ilp32\libc.a(lib_a-strlen.o)
 .text.strlen   0x00000000f900028c       0x8c h:/vendors/efinity/efinity-riscv-ide-2025.1/toolchain/bin/../lib/gcc/riscv-none-embed/8.3.0/../../../../riscv-none-embed/lib/rv32i/ilp32\libc.a(lib_a-strlen.o)
                0x00000000f900028c                strlen
 *(.text.main)
 *(.text.unlikely .text.unlikely.*)
 *(.text.startup .text.startup.*)
 .text.startup  0x00000000f9000318       0x70 build/obj_files/main.o
                0x00000000f9000318                main
 *(.text .text.*)
 .text          0x00000000f9000388      0x4dc build/obj_files/main.o
 .text          0x00000000f9000864        0x0 build/obj_files/start.o
 .text          0x00000000f9000864        0x0 h:/vendors/efinity/efinity-riscv-ide-2025.1/toolchain/bin/../lib/gcc/riscv-none-embed/8.3.0/rv32i/ilp32\libgcc.a(ledf2.o)
 .text.__ledf2  0x00000000f9000864      0x100 h:/vendors/efinity/efinity-riscv-ide-2025.1/toolchain/bin/../lib/gcc/riscv-none-embed/8.3.0/rv32i/ilp32\libgcc.a(ledf2.o)
                0x00000000f9000864                __ledf2
                0x00000000f9000864                __ltdf2
 .text          0x00000000f9000964        0x0 h:/vendors/efinity/efinity-riscv-ide-2025.1/toolchain/bin/../lib/gcc/riscv-none-embed/8.3.0/rv32i/ilp32\libgcc.a(muldf3.o)
 .text.__muldf3
                0x00000000f9000964      0x708 h:/vendors/efinity/efinity-riscv-ide-2025.1/toolchain/bin/../lib/gcc/riscv-none-embed/8.3.0/rv32i/ilp32\libgcc.a(muldf3.o)
                0x00000000f9000964                __muldf3
 .text          0x00000000f900106c        0x0 h:/vendors/efinity/efinity-riscv-ide-2025.1/toolchain/bin/../lib/gcc/riscv-none-embed/8.3.0/rv32i/ilp32\libgcc.a(subdf3.o)
 .text.__subdf3
                0x00000000f900106c      0x87c h:/vendors/efinity/efinity-riscv-ide-2025.1/toolchain/bin/../lib/gcc/riscv-none-embed/8.3.0/rv32i/ilp32\libgcc.a(subdf3.o)
                0x00000000f900106c                __subdf3
 .text          0x00000000f90018e8        0x0 h:/vendors/efinity/efinity-riscv-ide-2025.1/toolchain/bin/../lib/gcc/riscv-none-embed/8.3.0/rv32i/ilp32\libgcc.a(fixdfsi.o)
 .text.__fixdfsi
                0x00000000f90018e8       0x84 h:/vendors/efinity/efinity-riscv-ide-2025.1/toolchain/bin/../lib/gcc/riscv-none-embed/8.3.0/rv32i/ilp32\libgcc.a(fixdfsi.o)
                0x00000000f90018e8                __fixdfsi
 .text          0x00000000f900196c        0x0 h:/vendors/efinity/efinity-riscv-ide-2025.1/toolchain/bin/../lib/gcc/riscv-none-embed/8.3.0/rv32i/ilp32\libgcc.a(floatsidf.o)
 .text.__floatsidf
                0x00000000f900196c       0xc0 h:/vendors/efinity/efinity-riscv-ide-2025.1/toolchain/bin/../lib/gcc/riscv-none-embed/8.3.0/rv32i/ilp32\libgcc.a(floatsidf.o)
                0x00000000f900196c                __floatsidf
 .text          0x00000000f9001a2c        0x0 h:/vendors/efinity/efinity-riscv-ide-2025.1/toolchain/bin/../lib/gcc/riscv-none-embed/8.3.0/rv32i/ilp32\libgcc.a(gesf2.o)
 .text.__gesf2  0x00000000f9001a2c       0xc4 h:/vendors/efinity/efinity-riscv-ide-2025.1/toolchain/bin/../lib/gcc/riscv-none-embed/8.3.0/rv32i/ilp32\libgcc.a(gesf2.o)
                0x00000000f9001a2c                __gesf2
                0x00000000f9001a2c                __gtsf2
 .text          0x00000000f9001af0        0x0 h:/vendors/efinity/efinity-riscv-ide-2025.1/toolchain/bin/../lib/gcc/riscv-none-embed/8.3.0/rv32i/ilp32\libgcc.a(lesf2.o)
 .text.__lesf2  0x00000000f9001af0       0xc4 h:/vendors/efinity/efinity-riscv-ide-2025.1/toolchain/bin/../lib/gcc/riscv-none-embed/8.3.0/rv32i/ilp32\libgcc.a(lesf2.o)
                0x00000000f9001af0                __ltsf2
                0x00000000f9001af0                __lesf2
 .text          0x00000000f9001bb4        0x0 h:/vendors/efinity/efinity-riscv-ide-2025.1/toolchain/bin/../lib/gcc/riscv-none-embed/8.3.0/rv32i/ilp32\libgcc.a(fixsfsi.o)
 .text.__fixsfsi
                0x00000000f9001bb4       0x74 h:/vendors/efinity/efinity-riscv-ide-2025.1/toolchain/bin/../lib/gcc/riscv-none-embed/8.3.0/rv32i/ilp32\libgcc.a(fixsfsi.o)
                0x00000000f9001bb4                __fixsfsi
 .text          0x00000000f9001c28        0x0 h:/vendors/efinity/efinity-riscv-ide-2025.1/toolchain/bin/../lib/gcc/riscv-none-embed/8.3.0/rv32i/ilp32\libgcc.a(extendsfdf2.o)
 .text.__extendsfdf2
                0x00000000f9001c28      0x100 h:/vendors/efinity/efinity-riscv-ide-2025.1/toolchain/bin/../lib/gcc/riscv-none-embed/8.3.0/rv32i/ilp32\libgcc.a(extendsfdf2.o)
                0x00000000f9001c28                __extendsfdf2
 .text          0x00000000f9001d28        0x0 h:/vendors/efinity/efinity-riscv-ide-2025.1/toolchain/bin/../lib/gcc/riscv-none-embed/8.3.0/rv32i/ilp32\libgcc.a(truncdfsf2.o)
 .text.__truncdfsf2
                0x00000000f9001d28      0x1f4 h:/vendors/efinity/efinity-riscv-ide-2025.1/toolchain/bin/../lib/gcc/riscv-none-embed/8.3.0/rv32i/ilp32\libgcc.a(truncdfsf2.o)
                0x00000000f9001d28                __truncdfsf2
 .text          0x00000000f9001f1c       0x24 h:/vendors/efinity/efinity-riscv-ide-2025.1/toolchain/bin/../lib/gcc/riscv-none-embed/8.3.0/rv32i/ilp32\libgcc.a(muldi3.o)
                0x00000000f9001f1c                __mulsi3
 .text          0x00000000f9001f40       0xb4 h:/vendors/efinity/efinity-riscv-ide-2025.1/toolchain/bin/../lib/gcc/riscv-none-embed/8.3.0/rv32i/ilp32\libgcc.a(div.o)
                0x00000000f9001f40                __divsi3
                0x00000000f9001f48                __udivsi3
                0x00000000f9001f90                __umodsi3
                0x00000000f9001fc4                __modsi3
 .text          0x00000000f9001ff4        0x0 h:/vendors/efinity/efinity-riscv-ide-2025.1/toolchain/bin/../lib/gcc/riscv-none-embed/8.3.0/rv32i/ilp32\libgcc.a(_clzsi2.o)
 .text.__clzsi2
                0x00000000f9001ff4       0x94 h:/vendors/efinity/efinity-riscv-ide-2025.1/toolchain/bin/../lib/gcc/riscv-none-embed/8.3.0/rv32i/ilp32\libgcc.a(_clzsi2.o)
                0x00000000f9001ff4                __clzsi2
 .text          0x00000000f9002088        0x0 h:/vendors/efinity/efinity-riscv-ide-2025.1/toolchain/bin/../lib/gcc/riscv-none-embed/8.3.0/rv32i/ilp32\libgcc.a(_clz.o)
 .text          0x00000000f9002088        0x0 h:/vendors/efinity/efinity-riscv-ide-2025.1/toolchain/bin/../lib/gcc/riscv-none-embed/8.3.0/../../../../riscv-none-embed/lib/rv32i/ilp32\libm.a(lib_a-w_pow.o)
 .text.pow      0x00000000f9002088      0x270 h:/vendors/efinity/efinity-riscv-ide-2025.1/toolchain/bin/../lib/gcc/riscv-none-embed/8.3.0/../../../../riscv-none-embed/lib/rv32i/ilp32\libm.a(lib_a-w_pow.o)
                0x00000000f9002088                pow
 .text          0x00000000f90022f8        0x0 h:/vendors/efinity/efinity-riscv-ide-2025.1/toolchain/bin/../lib/gcc/riscv-none-embed/8.3.0/../../../../riscv-none-embed/lib/rv32i/ilp32\libm.a(lib_a-e_pow.o)
 .text.__ieee754_pow
                0x00000000f90022f8      0xfd8 h:/vendors/efinity/efinity-riscv-ide-2025.1/toolchain/bin/../lib/gcc/riscv-none-embed/8.3.0/../../../../riscv-none-embed/lib/rv32i/ilp32\libm.a(lib_a-e_pow.o)
                0x00000000f90022f8                __ieee754_pow
 .text          0x00000000f90032d0        0x0 h:/vendors/efinity/efinity-riscv-ide-2025.1/toolchain/bin/../lib/gcc/riscv-none-embed/8.3.0/../../../../riscv-none-embed/lib/rv32i/ilp32\libm.a(lib_a-e_sqrt.o)
 .text.__ieee754_sqrt
                0x00000000f90032d0      0x2b4 h:/vendors/efinity/efinity-riscv-ide-2025.1/toolchain/bin/../lib/gcc/riscv-none-embed/8.3.0/../../../../riscv-none-embed/lib/rv32i/ilp32\libm.a(lib_a-e_sqrt.o)
                0x00000000f90032d0                __ieee754_sqrt
 .text          0x00000000f9003584        0x0 h:/vendors/efinity/efinity-riscv-ide-2025.1/toolchain/bin/../lib/gcc/riscv-none-embed/8.3.0/../../../../riscv-none-embed/lib/rv32i/ilp32\libm.a(lib_a-s_fabs.o)
 .text.fabs     0x00000000f9003584        0xc h:/vendors/efinity/efinity-riscv-ide-2025.1/toolchain/bin/../lib/gcc/riscv-none-embed/8.3.0/../../../../riscv-none-embed/lib/rv32i/ilp32\libm.a(lib_a-s_fabs.o)
                0x00000000f9003584                fabs
 .text          0x00000000f9003590        0x0 h:/vendors/efinity/efinity-riscv-ide-2025.1/toolchain/bin/../lib/gcc/riscv-none-embed/8.3.0/../../../../riscv-none-embed/lib/rv32i/ilp32\libm.a(lib_a-s_finite.o)
 .text.finite   0x00000000f9003590       0x18 h:/vendors/efinity/efinity-riscv-ide-2025.1/toolchain/bin/../lib/gcc/riscv-none-embed/8.3.0/../../../../riscv-none-embed/lib/rv32i/ilp32\libm.a(lib_a-s_finite.o)
                0x00000000f9003590                finite
 .text          0x00000000f90035a8        0x0 h:/vendors/efinity/efinity-riscv-ide-2025.1/toolchain/bin/../lib/gcc/riscv-none-embed/8.3.0/../../../../riscv-none-embed/lib/rv32i/ilp32\libm.a(lib_a-s_lib_ver.o)
 .text          0x00000000f90035a8        0x0 h:/vendors/efinity/efinity-riscv-ide-2025.1/toolchain/bin/../lib/gcc/riscv-none-embed/8.3.0/../../../../riscv-none-embed/lib/rv32i/ilp32\libm.a(lib_a-s_nan.o)
 .text.nan      0x00000000f90035a8       0x14 h:/vendors/efinity/efinity-riscv-ide-2025.1/toolchain/bin/../lib/gcc/riscv-none-embed/8.3.0/../../../../riscv-none-embed/lib/rv32i/ilp32\libm.a(lib_a-s_nan.o)
                0x00000000f90035a8                nan
 .text          0x00000000f90035bc        0x0 h:/vendors/efinity/efinity-riscv-ide-2025.1/toolchain/bin/../lib/gcc/riscv-none-embed/8.3.0/../../../../riscv-none-embed/lib/rv32i/ilp32\libm.a(lib_a-s_rint.o)
 .text.rint     0x00000000f90035bc      0x224 h:/vendors/efinity/efinity-riscv-ide-2025.1/toolchain/bin/../lib/gcc/riscv-none-embed/8.3.0/../../../../riscv-none-embed/lib/rv32i/ilp32\libm.a(lib_a-s_rint.o)
                0x00000000f90035bc                rint
 .text          0x00000000f90037e0        0x0 h:/vendors/efinity/efinity-riscv-ide-2025.1/toolchain/bin/../lib/gcc/riscv-none-embed/8.3.0/../../../../riscv-none-embed/lib/rv32i/ilp32\libm.a(lib_a-s_scalbn.o)
 .text.scalbn   0x00000000f90037e0      0x1b8 h:/vendors/efinity/efinity-riscv-ide-2025.1/toolchain/bin/../lib/gcc/riscv-none-embed/8.3.0/../../../../riscv-none-embed/lib/rv32i/ilp32\libm.a(lib_a-s_scalbn.o)
                0x00000000f90037e0                scalbn
 .text          0x00000000f9003998        0x0 h:/vendors/efinity/efinity-riscv-ide-2025.1/toolchain/bin/../lib/gcc/riscv-none-embed/8.3.0/rv32i/ilp32\libgcc.a(adddf3.o)
 .text.__adddf3
                0x00000000f9003998      0x884 h:/vendors/efinity/efinity-riscv-ide-2025.1/toolchain/bin/../lib/gcc/riscv-none-embed/8.3.0/rv32i/ilp32\libgcc.a(adddf3.o)
                0x00000000f9003998                __adddf3
 .text          0x00000000f900421c        0x0 h:/vendors/efinity/efinity-riscv-ide-2025.1/toolchain/bin/../lib/gcc/riscv-none-embed/8.3.0/rv32i/ilp32\libgcc.a(divdf3.o)
 .text.__divdf3
                0x00000000f900421c      0x8a4 h:/vendors/efinity/efinity-riscv-ide-2025.1/toolchain/bin/../lib/gcc/riscv-none-embed/8.3.0/rv32i/ilp32\libgcc.a(divdf3.o)
                0x00000000f900421c                __divdf3
 .text          0x00000000f9004ac0        0x0 h:/vendors/efinity/efinity-riscv-ide-2025.1/toolchain/bin/../lib/gcc/riscv-none-embed/8.3.0/rv32i/ilp32\libgcc.a(eqdf2.o)
 .text.__eqdf2  0x00000000f9004ac0       0x8c h:/vendors/efinity/efinity-riscv-ide-2025.1/toolchain/bin/../lib/gcc/riscv-none-embed/8.3.0/rv32i/ilp32\libgcc.a(eqdf2.o)
                0x00000000f9004ac0                __nedf2
                0x00000000f9004ac0                __eqdf2
 .text          0x00000000f9004b4c        0x0 h:/vendors/efinity/efinity-riscv-ide-2025.1/toolchain/bin/../lib/gcc/riscv-none-embed/8.3.0/rv32i/ilp32\libgcc.a(gedf2.o)
 .text.__gedf2  0x00000000f9004b4c       0xfc h:/vendors/efinity/efinity-riscv-ide-2025.1/toolchain/bin/../lib/gcc/riscv-none-embed/8.3.0/rv32i/ilp32\libgcc.a(gedf2.o)
                0x00000000f9004b4c                __gedf2
                0x00000000f9004b4c                __gtdf2
 .text          0x00000000f9004c48        0x0 h:/vendors/efinity/efinity-riscv-ide-2025.1/toolchain/bin/../lib/gcc/riscv-none-embed/8.3.0/rv32i/ilp32\libgcc.a(unorddf2.o)
 .text.__unorddf2
                0x00000000f9004c48       0x54 h:/vendors/efinity/efinity-riscv-ide-2025.1/toolchain/bin/../lib/gcc/riscv-none-embed/8.3.0/rv32i/ilp32\libgcc.a(unorddf2.o)
                0x00000000f9004c48                __unorddf2
 .text          0x00000000f9004c9c        0x0 h:/vendors/efinity/efinity-riscv-ide-2025.1/toolchain/bin/../lib/gcc/riscv-none-embed/8.3.0/../../../../riscv-none-embed/lib/rv32i/ilp32\libg.a(lib_a-errno.o)
 .text.__errno  0x00000000f9004c9c        0xc h:/vendors/efinity/efinity-riscv-ide-2025.1/toolchain/bin/../lib/gcc/riscv-none-embed/8.3.0/../../../../riscv-none-embed/lib/rv32i/ilp32\libg.a(lib_a-errno.o)
                0x00000000f9004c9c                __errno
 .text          0x00000000f9004ca8        0x0 h:/vendors/efinity/efinity-riscv-ide-2025.1/toolchain/bin/../lib/gcc/riscv-none-embed/8.3.0/../../../../riscv-none-embed/lib/rv32i/ilp32\libg.a(lib_a-impure.o)
 *(.gnu.linkonce.t.*)
 *(.note.gnu.build-id)

.sdata2._global_impure_ptr
                0x00000000f9004ca8        0x4
 .sdata2._global_impure_ptr
                0x00000000f9004ca8        0x4 h:/vendors/efinity/efinity-riscv-ide-2025.1/toolchain/bin/../lib/gcc/riscv-none-embed/8.3.0/../../../../riscv-none-embed/lib/rv32i/ilp32\libg.a(lib_a-impure.o)
                0x00000000f9004ca8                _global_impure_ptr

.rela.dyn       0x00000000f9004cac        0x0
 .rela.init     0x00000000f9004cac        0x0 build/obj_files/main.o
 .rela.text.__libc_init_array
                0x00000000f9004cac        0x0 build/obj_files/main.o

.fini
 *(SORT_NONE(.fini))
                [!provide]                        PROVIDE (__etext = .)
                [!provide]                        PROVIDE (_etext = .)
                [!provide]                        PROVIDE (etext = .)
                0x00000000f9004cac                . = ALIGN (0x4)

.preinit_array  0x00000000f9004cac        0x0
                0x00000000f9004cac                PROVIDE (__preinit_array_start = .)
 *(.preinit_array)
                0x00000000f9004cac                PROVIDE (__preinit_array_end = .)

.init_array     0x00000000f9004cac        0x0
                0x00000000f9004cac                PROVIDE (__init_array_start = .)
 *(SORT_BY_INIT_PRIORITY(.init_array.*) SORT_BY_INIT_PRIORITY(.ctors.*))
 *(.init_array EXCLUDE_FILE(*crtend?.o *crtend.o *crtbegin?.o *crtbegin.o) .ctors)
                0x00000000f9004cac                PROVIDE (__init_array_end = .)

.fini_array     0x00000000f9004cac        0x0
                [!provide]                        PROVIDE (__fini_array_start = .)
 *(SORT_BY_INIT_PRIORITY(.fini_array.*) SORT_BY_INIT_PRIORITY(.dtors.*))
 *(.fini_array EXCLUDE_FILE(*crtend?.o *crtend.o *crtbegin?.o *crtbegin.o) .dtors)
                [!provide]                        PROVIDE (__fini_array_end = .)

.ctors
 *crtbegin.o(.ctors)
 *crtbegin?.o(.ctors)
 *(EXCLUDE_FILE(*crtend?.o *crtend.o) .ctors)
 *(SORT_BY_NAME(.ctors.*))
 *(.ctors)

.dtors
 *crtbegin.o(.dtors)
 *crtbegin?.o(.dtors)
 *(EXCLUDE_FILE(*crtend?.o *crtend.o) .dtors)
 *(SORT_BY_NAME(.dtors.*))
 *(.dtors)

.lalign         0x00000000f9004cac        0x0
                0x00000000f9004cac                PROVIDE (_data_lma = .)

.dalign         0x00000000f9004cac        0x0
                0x00000000f9004cac                PROVIDE (_data = .)

.data           0x00000000f9004cb0      0x7ba
 *(.rdata)
 *(.rodata .rodata.*)
 .rodata.str1.4
                0x00000000f9004cb0       0x96 build/obj_files/main.o
 *fill*         0x00000000f9004d46        0x2 
 .rodata.__muldf3
                0x00000000f9004d48       0x40 h:/vendors/efinity/efinity-riscv-ide-2025.1/toolchain/bin/../lib/gcc/riscv-none-embed/8.3.0/rv32i/ilp32\libgcc.a(muldf3.o)
 .rodata.__clz_tab
                0x00000000f9004d88      0x100 h:/vendors/efinity/efinity-riscv-ide-2025.1/toolchain/bin/../lib/gcc/riscv-none-embed/8.3.0/rv32i/ilp32\libgcc.a(_clz.o)
                0x00000000f9004d88                __clz_tab
 .rodata.pow.cst8
                0x00000000f9004e88       0x18 h:/vendors/efinity/efinity-riscv-ide-2025.1/toolchain/bin/../lib/gcc/riscv-none-embed/8.3.0/../../../../riscv-none-embed/lib/rv32i/ilp32\libm.a(lib_a-w_pow.o)
 .rodata.__ieee754_pow.cst8
                0x00000000f9004ea0      0x108 h:/vendors/efinity/efinity-riscv-ide-2025.1/toolchain/bin/../lib/gcc/riscv-none-embed/8.3.0/../../../../riscv-none-embed/lib/rv32i/ilp32\libm.a(lib_a-e_pow.o)
                                        0x110 (size before relaxing)
 .rodata.__ieee754_pow.str1.4
                0x00000000f9004fa8       0x98 h:/vendors/efinity/efinity-riscv-ide-2025.1/toolchain/bin/../lib/gcc/riscv-none-embed/8.3.0/../../../../riscv-none-embed/lib/rv32i/ilp32\libm.a(lib_a-e_pow.o)
                                          0x1 (size before relaxing)
 .rodata.nan.cst8
                0x00000000f9004fa8        0x8 h:/vendors/efinity/efinity-riscv-ide-2025.1/toolchain/bin/../lib/gcc/riscv-none-embed/8.3.0/../../../../riscv-none-embed/lib/rv32i/ilp32\libm.a(lib_a-s_nan.o)
 .rodata.TWO52  0x00000000f9004fb0       0x10 h:/vendors/efinity/efinity-riscv-ide-2025.1/toolchain/bin/../lib/gcc/riscv-none-embed/8.3.0/../../../../riscv-none-embed/lib/rv32i/ilp32\libm.a(lib_a-s_rint.o)
 .rodata.scalbn.cst8
                0x00000000f9004fc0       0x20 h:/vendors/efinity/efinity-riscv-ide-2025.1/toolchain/bin/../lib/gcc/riscv-none-embed/8.3.0/../../../../riscv-none-embed/lib/rv32i/ilp32\libm.a(lib_a-s_scalbn.o)
                                         0x30 (size before relaxing)
 .rodata.__divdf3
                0x00000000f9004fe0       0x40 h:/vendors/efinity/efinity-riscv-ide-2025.1/toolchain/bin/../lib/gcc/riscv-none-embed/8.3.0/rv32i/ilp32\libgcc.a(divdf3.o)
 *(.gnu.linkonce.r.*)
 *(.data .data.*)
 .data          0x00000000f9005020        0x0 build/obj_files/main.o
 .data          0x00000000f9005020        0x0 build/obj_files/start.o
 .data          0x00000000f9005020        0x0 h:/vendors/efinity/efinity-riscv-ide-2025.1/toolchain/bin/../lib/gcc/riscv-none-embed/8.3.0/../../../../riscv-none-embed/lib/rv32i/ilp32\libc.a(lib_a-init.o)
 .data          0x00000000f9005020        0x0 h:/vendors/efinity/efinity-riscv-ide-2025.1/toolchain/bin/../lib/gcc/riscv-none-embed/8.3.0/../../../../riscv-none-embed/lib/rv32i/ilp32\libc.a(lib_a-strcat.o)
 .data          0x00000000f9005020        0x0 h:/vendors/efinity/efinity-riscv-ide-2025.1/toolchain/bin/../lib/gcc/riscv-none-embed/8.3.0/../../../../riscv-none-embed/lib/rv32i/ilp32\libc.a(lib_a-strcpy.o)
 .data          0x00000000f9005020        0x0 h:/vendors/efinity/efinity-riscv-ide-2025.1/toolchain/bin/../lib/gcc/riscv-none-embed/8.3.0/../../../../riscv-none-embed/lib/rv32i/ilp32\libc.a(lib_a-strlen.o)
 .data          0x00000000f9005020        0x0 h:/vendors/efinity/efinity-riscv-ide-2025.1/toolchain/bin/../lib/gcc/riscv-none-embed/8.3.0/rv32i/ilp32\libgcc.a(ledf2.o)
 .data          0x00000000f9005020        0x0 h:/vendors/efinity/efinity-riscv-ide-2025.1/toolchain/bin/../lib/gcc/riscv-none-embed/8.3.0/rv32i/ilp32\libgcc.a(muldf3.o)
 .data          0x00000000f9005020        0x0 h:/vendors/efinity/efinity-riscv-ide-2025.1/toolchain/bin/../lib/gcc/riscv-none-embed/8.3.0/rv32i/ilp32\libgcc.a(subdf3.o)
 .data          0x00000000f9005020        0x0 h:/vendors/efinity/efinity-riscv-ide-2025.1/toolchain/bin/../lib/gcc/riscv-none-embed/8.3.0/rv32i/ilp32\libgcc.a(fixdfsi.o)
 .data          0x00000000f9005020        0x0 h:/vendors/efinity/efinity-riscv-ide-2025.1/toolchain/bin/../lib/gcc/riscv-none-embed/8.3.0/rv32i/ilp32\libgcc.a(floatsidf.o)
 .data          0x00000000f9005020        0x0 h:/vendors/efinity/efinity-riscv-ide-2025.1/toolchain/bin/../lib/gcc/riscv-none-embed/8.3.0/rv32i/ilp32\libgcc.a(gesf2.o)
 .data          0x00000000f9005020        0x0 h:/vendors/efinity/efinity-riscv-ide-2025.1/toolchain/bin/../lib/gcc/riscv-none-embed/8.3.0/rv32i/ilp32\libgcc.a(lesf2.o)
 .data          0x00000000f9005020        0x0 h:/vendors/efinity/efinity-riscv-ide-2025.1/toolchain/bin/../lib/gcc/riscv-none-embed/8.3.0/rv32i/ilp32\libgcc.a(fixsfsi.o)
 .data          0x00000000f9005020        0x0 h:/vendors/efinity/efinity-riscv-ide-2025.1/toolchain/bin/../lib/gcc/riscv-none-embed/8.3.0/rv32i/ilp32\libgcc.a(extendsfdf2.o)
 .data          0x00000000f9005020        0x0 h:/vendors/efinity/efinity-riscv-ide-2025.1/toolchain/bin/../lib/gcc/riscv-none-embed/8.3.0/rv32i/ilp32\libgcc.a(truncdfsf2.o)
 .data          0x00000000f9005020        0x0 h:/vendors/efinity/efinity-riscv-ide-2025.1/toolchain/bin/../lib/gcc/riscv-none-embed/8.3.0/rv32i/ilp32\libgcc.a(muldi3.o)
 .data          0x00000000f9005020        0x0 h:/vendors/efinity/efinity-riscv-ide-2025.1/toolchain/bin/../lib/gcc/riscv-none-embed/8.3.0/rv32i/ilp32\libgcc.a(div.o)
 .data          0x00000000f9005020        0x0 h:/vendors/efinity/efinity-riscv-ide-2025.1/toolchain/bin/../lib/gcc/riscv-none-embed/8.3.0/rv32i/ilp32\libgcc.a(_clzsi2.o)
 .data          0x00000000f9005020        0x0 h:/vendors/efinity/efinity-riscv-ide-2025.1/toolchain/bin/../lib/gcc/riscv-none-embed/8.3.0/rv32i/ilp32\libgcc.a(_clz.o)
 .data          0x00000000f9005020        0x0 h:/vendors/efinity/efinity-riscv-ide-2025.1/toolchain/bin/../lib/gcc/riscv-none-embed/8.3.0/../../../../riscv-none-embed/lib/rv32i/ilp32\libm.a(lib_a-w_pow.o)
 .data          0x00000000f9005020        0x0 h:/vendors/efinity/efinity-riscv-ide-2025.1/toolchain/bin/../lib/gcc/riscv-none-embed/8.3.0/../../../../riscv-none-embed/lib/rv32i/ilp32\libm.a(lib_a-e_pow.o)
 .data          0x00000000f9005020        0x0 h:/vendors/efinity/efinity-riscv-ide-2025.1/toolchain/bin/../lib/gcc/riscv-none-embed/8.3.0/../../../../riscv-none-embed/lib/rv32i/ilp32\libm.a(lib_a-e_sqrt.o)
 .data          0x00000000f9005020        0x0 h:/vendors/efinity/efinity-riscv-ide-2025.1/toolchain/bin/../lib/gcc/riscv-none-embed/8.3.0/../../../../riscv-none-embed/lib/rv32i/ilp32\libm.a(lib_a-s_fabs.o)
 .data          0x00000000f9005020        0x0 h:/vendors/efinity/efinity-riscv-ide-2025.1/toolchain/bin/../lib/gcc/riscv-none-embed/8.3.0/../../../../riscv-none-embed/lib/rv32i/ilp32\libm.a(lib_a-s_finite.o)
 .data          0x00000000f9005020        0x0 h:/vendors/efinity/efinity-riscv-ide-2025.1/toolchain/bin/../lib/gcc/riscv-none-embed/8.3.0/../../../../riscv-none-embed/lib/rv32i/ilp32\libm.a(lib_a-s_lib_ver.o)
 .data          0x00000000f9005020        0x0 h:/vendors/efinity/efinity-riscv-ide-2025.1/toolchain/bin/../lib/gcc/riscv-none-embed/8.3.0/../../../../riscv-none-embed/lib/rv32i/ilp32\libm.a(lib_a-s_nan.o)
 .data          0x00000000f9005020        0x0 h:/vendors/efinity/efinity-riscv-ide-2025.1/toolchain/bin/../lib/gcc/riscv-none-embed/8.3.0/../../../../riscv-none-embed/lib/rv32i/ilp32\libm.a(lib_a-s_rint.o)
 .data          0x00000000f9005020        0x0 h:/vendors/efinity/efinity-riscv-ide-2025.1/toolchain/bin/../lib/gcc/riscv-none-embed/8.3.0/../../../../riscv-none-embed/lib/rv32i/ilp32\libm.a(lib_a-s_scalbn.o)
 .data          0x00000000f9005020        0x0 h:/vendors/efinity/efinity-riscv-ide-2025.1/toolchain/bin/../lib/gcc/riscv-none-embed/8.3.0/rv32i/ilp32\libgcc.a(adddf3.o)
 .data          0x00000000f9005020        0x0 h:/vendors/efinity/efinity-riscv-ide-2025.1/toolchain/bin/../lib/gcc/riscv-none-embed/8.3.0/rv32i/ilp32\libgcc.a(divdf3.o)
 .data          0x00000000f9005020        0x0 h:/vendors/efinity/efinity-riscv-ide-2025.1/toolchain/bin/../lib/gcc/riscv-none-embed/8.3.0/rv32i/ilp32\libgcc.a(eqdf2.o)
 .data          0x00000000f9005020        0x0 h:/vendors/efinity/efinity-riscv-ide-2025.1/toolchain/bin/../lib/gcc/riscv-none-embed/8.3.0/rv32i/ilp32\libgcc.a(gedf2.o)
 .data          0x00000000f9005020        0x0 h:/vendors/efinity/efinity-riscv-ide-2025.1/toolchain/bin/../lib/gcc/riscv-none-embed/8.3.0/rv32i/ilp32\libgcc.a(unorddf2.o)
 .data          0x00000000f9005020        0x0 h:/vendors/efinity/efinity-riscv-ide-2025.1/toolchain/bin/../lib/gcc/riscv-none-embed/8.3.0/../../../../riscv-none-embed/lib/rv32i/ilp32\libg.a(lib_a-errno.o)
 .data          0x00000000f9005020        0x0 h:/vendors/efinity/efinity-riscv-ide-2025.1/toolchain/bin/../lib/gcc/riscv-none-embed/8.3.0/../../../../riscv-none-embed/lib/rv32i/ilp32\libg.a(lib_a-impure.o)
 .data.impure_data
                0x00000000f9005020      0x428 h:/vendors/efinity/efinity-riscv-ide-2025.1/toolchain/bin/../lib/gcc/riscv-none-embed/8.3.0/../../../../riscv-none-embed/lib/rv32i/ilp32\libg.a(lib_a-impure.o)
 *(.gnu.linkonce.d.*)
                0x00000000f9005448                . = ALIGN (0x8)
                0x00000000f9005c38                PROVIDE (__global_pointer$ = (. + 0x7f0))
 *(.sdata .sdata.*)
 .sdata.__fdlib_version
                0x00000000f9005448        0x4 h:/vendors/efinity/efinity-riscv-ide-2025.1/toolchain/bin/../lib/gcc/riscv-none-embed/8.3.0/../../../../riscv-none-embed/lib/rv32i/ilp32\libm.a(lib_a-s_lib_ver.o)
                0x00000000f9005448                __fdlib_version
 .sdata._impure_ptr
                0x00000000f900544c        0x4 h:/vendors/efinity/efinity-riscv-ide-2025.1/toolchain/bin/../lib/gcc/riscv-none-embed/8.3.0/../../../../riscv-none-embed/lib/rv32i/ilp32\libg.a(lib_a-impure.o)
                0x00000000f900544c                _impure_ptr
 *(.gnu.linkonce.s.*)
                0x00000000f9005450                . = ALIGN (0x8)
 *(.srodata.cst16)
 *(.srodata.cst8)
 .srodata.cst8  0x00000000f9005450       0x10 build/obj_files/main.o
 *(.srodata.cst4)
 *(.srodata.cst2)
 *(.srodata .srodata.*)
                0x00000000f900546a                . = (. + 0xa)
 *fill*         0x00000000f9005460        0xa 
                0x00000000f900546c                . = ALIGN (0x4)
                0x00000000f900546c                PROVIDE (_edata = .)
                [!provide]                        PROVIDE (edata = .)
                [!provide]                        PROVIDE (_fbss = .)
                0x00000000f900546c                PROVIDE (__bss_start = .)

.bss            0x00000000f900546c        0x8
 *(.sbss*)
 *(.gnu.linkonce.sb.*)
 *(.bss .bss.*)
 .bss           0x00000000f900546c        0x0 build/obj_files/main.o
 .bss           0x00000000f900546c        0x8 build/obj_files/start.o
                0x00000000f900546c                smp_lottery_target
                0x00000000f9005470                smp_lottery_lock
 .bss           0x00000000f9005474        0x0 h:/vendors/efinity/efinity-riscv-ide-2025.1/toolchain/bin/../lib/gcc/riscv-none-embed/8.3.0/../../../../riscv-none-embed/lib/rv32i/ilp32\libc.a(lib_a-init.o)
 .bss           0x00000000f9005474        0x0 h:/vendors/efinity/efinity-riscv-ide-2025.1/toolchain/bin/../lib/gcc/riscv-none-embed/8.3.0/../../../../riscv-none-embed/lib/rv32i/ilp32\libc.a(lib_a-strcat.o)
 .bss           0x00000000f9005474        0x0 h:/vendors/efinity/efinity-riscv-ide-2025.1/toolchain/bin/../lib/gcc/riscv-none-embed/8.3.0/../../../../riscv-none-embed/lib/rv32i/ilp32\libc.a(lib_a-strcpy.o)
 .bss           0x00000000f9005474        0x0 h:/vendors/efinity/efinity-riscv-ide-2025.1/toolchain/bin/../lib/gcc/riscv-none-embed/8.3.0/../../../../riscv-none-embed/lib/rv32i/ilp32\libc.a(lib_a-strlen.o)
 .bss           0x00000000f9005474        0x0 h:/vendors/efinity/efinity-riscv-ide-2025.1/toolchain/bin/../lib/gcc/riscv-none-embed/8.3.0/rv32i/ilp32\libgcc.a(ledf2.o)
 .bss           0x00000000f9005474        0x0 h:/vendors/efinity/efinity-riscv-ide-2025.1/toolchain/bin/../lib/gcc/riscv-none-embed/8.3.0/rv32i/ilp32\libgcc.a(muldf3.o)
 .bss           0x00000000f9005474        0x0 h:/vendors/efinity/efinity-riscv-ide-2025.1/toolchain/bin/../lib/gcc/riscv-none-embed/8.3.0/rv32i/ilp32\libgcc.a(subdf3.o)
 .bss           0x00000000f9005474        0x0 h:/vendors/efinity/efinity-riscv-ide-2025.1/toolchain/bin/../lib/gcc/riscv-none-embed/8.3.0/rv32i/ilp32\libgcc.a(fixdfsi.o)
 .bss           0x00000000f9005474        0x0 h:/vendors/efinity/efinity-riscv-ide-2025.1/toolchain/bin/../lib/gcc/riscv-none-embed/8.3.0/rv32i/ilp32\libgcc.a(floatsidf.o)
 .bss           0x00000000f9005474        0x0 h:/vendors/efinity/efinity-riscv-ide-2025.1/toolchain/bin/../lib/gcc/riscv-none-embed/8.3.0/rv32i/ilp32\libgcc.a(gesf2.o)
 .bss           0x00000000f9005474        0x0 h:/vendors/efinity/efinity-riscv-ide-2025.1/toolchain/bin/../lib/gcc/riscv-none-embed/8.3.0/rv32i/ilp32\libgcc.a(lesf2.o)
 .bss           0x00000000f9005474        0x0 h:/vendors/efinity/efinity-riscv-ide-2025.1/toolchain/bin/../lib/gcc/riscv-none-embed/8.3.0/rv32i/ilp32\libgcc.a(fixsfsi.o)
 .bss           0x00000000f9005474        0x0 h:/vendors/efinity/efinity-riscv-ide-2025.1/toolchain/bin/../lib/gcc/riscv-none-embed/8.3.0/rv32i/ilp32\libgcc.a(extendsfdf2.o)
 .bss           0x00000000f9005474        0x0 h:/vendors/efinity/efinity-riscv-ide-2025.1/toolchain/bin/../lib/gcc/riscv-none-embed/8.3.0/rv32i/ilp32\libgcc.a(truncdfsf2.o)
 .bss           0x00000000f9005474        0x0 h:/vendors/efinity/efinity-riscv-ide-2025.1/toolchain/bin/../lib/gcc/riscv-none-embed/8.3.0/rv32i/ilp32\libgcc.a(muldi3.o)
 .bss           0x00000000f9005474        0x0 h:/vendors/efinity/efinity-riscv-ide-2025.1/toolchain/bin/../lib/gcc/riscv-none-embed/8.3.0/rv32i/ilp32\libgcc.a(div.o)
 .bss           0x00000000f9005474        0x0 h:/vendors/efinity/efinity-riscv-ide-2025.1/toolchain/bin/../lib/gcc/riscv-none-embed/8.3.0/rv32i/ilp32\libgcc.a(_clzsi2.o)
 .bss           0x00000000f9005474        0x0 h:/vendors/efinity/efinity-riscv-ide-2025.1/toolchain/bin/../lib/gcc/riscv-none-embed/8.3.0/rv32i/ilp32\libgcc.a(_clz.o)
 .bss           0x00000000f9005474        0x0 h:/vendors/efinity/efinity-riscv-ide-2025.1/toolchain/bin/../lib/gcc/riscv-none-embed/8.3.0/../../../../riscv-none-embed/lib/rv32i/ilp32\libm.a(lib_a-w_pow.o)
 .bss           0x00000000f9005474        0x0 h:/vendors/efinity/efinity-riscv-ide-2025.1/toolchain/bin/../lib/gcc/riscv-none-embed/8.3.0/../../../../riscv-none-embed/lib/rv32i/ilp32\libm.a(lib_a-e_pow.o)
 .bss           0x00000000f9005474        0x0 h:/vendors/efinity/efinity-riscv-ide-2025.1/toolchain/bin/../lib/gcc/riscv-none-embed/8.3.0/../../../../riscv-none-embed/lib/rv32i/ilp32\libm.a(lib_a-e_sqrt.o)
 .bss           0x00000000f9005474        0x0 h:/vendors/efinity/efinity-riscv-ide-2025.1/toolchain/bin/../lib/gcc/riscv-none-embed/8.3.0/../../../../riscv-none-embed/lib/rv32i/ilp32\libm.a(lib_a-s_fabs.o)
 .bss           0x00000000f9005474        0x0 h:/vendors/efinity/efinity-riscv-ide-2025.1/toolchain/bin/../lib/gcc/riscv-none-embed/8.3.0/../../../../riscv-none-embed/lib/rv32i/ilp32\libm.a(lib_a-s_finite.o)
 .bss           0x00000000f9005474        0x0 h:/vendors/efinity/efinity-riscv-ide-2025.1/toolchain/bin/../lib/gcc/riscv-none-embed/8.3.0/../../../../riscv-none-embed/lib/rv32i/ilp32\libm.a(lib_a-s_lib_ver.o)
 .bss           0x00000000f9005474        0x0 h:/vendors/efinity/efinity-riscv-ide-2025.1/toolchain/bin/../lib/gcc/riscv-none-embed/8.3.0/../../../../riscv-none-embed/lib/rv32i/ilp32\libm.a(lib_a-s_nan.o)
 .bss           0x00000000f9005474        0x0 h:/vendors/efinity/efinity-riscv-ide-2025.1/toolchain/bin/../lib/gcc/riscv-none-embed/8.3.0/../../../../riscv-none-embed/lib/rv32i/ilp32\libm.a(lib_a-s_rint.o)
 .bss           0x00000000f9005474        0x0 h:/vendors/efinity/efinity-riscv-ide-2025.1/toolchain/bin/../lib/gcc/riscv-none-embed/8.3.0/../../../../riscv-none-embed/lib/rv32i/ilp32\libm.a(lib_a-s_scalbn.o)
 .bss           0x00000000f9005474        0x0 h:/vendors/efinity/efinity-riscv-ide-2025.1/toolchain/bin/../lib/gcc/riscv-none-embed/8.3.0/rv32i/ilp32\libgcc.a(adddf3.o)
 .bss           0x00000000f9005474        0x0 h:/vendors/efinity/efinity-riscv-ide-2025.1/toolchain/bin/../lib/gcc/riscv-none-embed/8.3.0/rv32i/ilp32\libgcc.a(divdf3.o)
 .bss           0x00000000f9005474        0x0 h:/vendors/efinity/efinity-riscv-ide-2025.1/toolchain/bin/../lib/gcc/riscv-none-embed/8.3.0/rv32i/ilp32\libgcc.a(eqdf2.o)
 .bss           0x00000000f9005474        0x0 h:/vendors/efinity/efinity-riscv-ide-2025.1/toolchain/bin/../lib/gcc/riscv-none-embed/8.3.0/rv32i/ilp32\libgcc.a(gedf2.o)
 .bss           0x00000000f9005474        0x0 h:/vendors/efinity/efinity-riscv-ide-2025.1/toolchain/bin/../lib/gcc/riscv-none-embed/8.3.0/rv32i/ilp32\libgcc.a(unorddf2.o)
 .bss           0x00000000f9005474        0x0 h:/vendors/efinity/efinity-riscv-ide-2025.1/toolchain/bin/../lib/gcc/riscv-none-embed/8.3.0/../../../../riscv-none-embed/lib/rv32i/ilp32\libg.a(lib_a-errno.o)
 .bss           0x00000000f9005474        0x0 h:/vendors/efinity/efinity-riscv-ide-2025.1/toolchain/bin/../lib/gcc/riscv-none-embed/8.3.0/../../../../riscv-none-embed/lib/rv32i/ilp32\libg.a(lib_a-impure.o)
 *(.gnu.linkonce.b.*)
 *(COMMON)
                0x00000000f9005474                . = ALIGN (0x4)
                0x00000000f9005478                . = ALIGN (0x8)
                0x00000000f9005478                PROVIDE (_end = .)
                [!provide]                        PROVIDE (end = .)

.stack          0x00000000f9005480     0x2000
                [!provide]                        PROVIDE (_heap_end = .)
                0x0000000000002000                . = __stack_size
 *fill*         0x00000000f9005480     0x2000 
                0x00000000f9007480                PROVIDE (_sp = .)
                0x00000000f9007480                __freertos_irq_stack_top = .
LOAD h:/vendors/efinity/efinity-riscv-ide-2025.1/toolchain/bin/../lib/gcc/riscv-none-embed/8.3.0/../../../../riscv-none-embed/lib/rv32i/ilp32\libm.a
LOAD h:/vendors/efinity/efinity-riscv-ide-2025.1/toolchain/bin/../lib/gcc/riscv-none-embed/8.3.0/rv32i/ilp32\libgcc.a
START GROUP
LOAD h:/vendors/efinity/efinity-riscv-ide-2025.1/toolchain/bin/../lib/gcc/riscv-none-embed/8.3.0/rv32i/ilp32\libgcc.a
LOAD h:/vendors/efinity/efinity-riscv-ide-2025.1/toolchain/bin/../lib/gcc/riscv-none-embed/8.3.0/../../../../riscv-none-embed/lib/rv32i/ilp32\libg.a
LOAD h:/vendors/efinity/efinity-riscv-ide-2025.1/toolchain/bin/../lib/gcc/riscv-none-embed/8.3.0/../../../../riscv-none-embed/lib/rv32i/ilp32\libc.a
END GROUP
LOAD h:/vendors/efinity/efinity-riscv-ide-2025.1/toolchain/bin/../lib/gcc/riscv-none-embed/8.3.0/rv32i/ilp32\libgcc.a
START GROUP
LOAD h:/vendors/efinity/efinity-riscv-ide-2025.1/toolchain/bin/../lib/gcc/riscv-none-embed/8.3.0/rv32i/ilp32\libgcc.a
LOAD h:/vendors/efinity/efinity-riscv-ide-2025.1/toolchain/bin/../lib/gcc/riscv-none-embed/8.3.0/../../../../riscv-none-embed/lib/rv32i/ilp32\libc.a
LOAD h:/vendors/efinity/efinity-riscv-ide-2025.1/toolchain/bin/../lib/gcc/riscv-none-embed/8.3.0/../../../../riscv-none-embed/lib/rv32i/ilp32\libnosys.a
END GROUP
OUTPUT(build/uartEchoDemo.elf elf32-littleriscv)

.comment        0x0000000000000000       0x33
 .comment       0x0000000000000000       0x33 build/obj_files/main.o
                                         0x34 (size before relaxing)

.debug_frame    0x0000000000000000      0x5e8
 .debug_frame   0x0000000000000000       0x3c h:/vendors/efinity/efinity-riscv-ide-2025.1/toolchain/bin/../lib/gcc/riscv-none-embed/8.3.0/../../../../riscv-none-embed/lib/rv32i/ilp32\libc.a(lib_a-init.o)
 .debug_frame   0x000000000000003c       0x30 h:/vendors/efinity/efinity-riscv-ide-2025.1/toolchain/bin/../lib/gcc/riscv-none-embed/8.3.0/../../../../riscv-none-embed/lib/rv32i/ilp32\libc.a(lib_a-strcat.o)
 .debug_frame   0x000000000000006c       0x20 h:/vendors/efinity/efinity-riscv-ide-2025.1/toolchain/bin/../lib/gcc/riscv-none-embed/8.3.0/../../../../riscv-none-embed/lib/rv32i/ilp32\libc.a(lib_a-strcpy.o)
 .debug_frame   0x000000000000008c       0x20 h:/vendors/efinity/efinity-riscv-ide-2025.1/toolchain/bin/../lib/gcc/riscv-none-embed/8.3.0/../../../../riscv-none-embed/lib/rv32i/ilp32\libc.a(lib_a-strlen.o)
 .debug_frame   0x00000000000000ac       0x20 h:/vendors/efinity/efinity-riscv-ide-2025.1/toolchain/bin/../lib/gcc/riscv-none-embed/8.3.0/rv32i/ilp32\libgcc.a(ledf2.o)
 .debug_frame   0x00000000000000cc       0x54 h:/vendors/efinity/efinity-riscv-ide-2025.1/toolchain/bin/../lib/gcc/riscv-none-embed/8.3.0/rv32i/ilp32\libgcc.a(muldf3.o)
 .debug_frame   0x0000000000000120       0x44 h:/vendors/efinity/efinity-riscv-ide-2025.1/toolchain/bin/../lib/gcc/riscv-none-embed/8.3.0/rv32i/ilp32\libgcc.a(subdf3.o)
 .debug_frame   0x0000000000000164       0x20 h:/vendors/efinity/efinity-riscv-ide-2025.1/toolchain/bin/../lib/gcc/riscv-none-embed/8.3.0/rv32i/ilp32\libgcc.a(fixdfsi.o)
 .debug_frame   0x0000000000000184       0x38 h:/vendors/efinity/efinity-riscv-ide-2025.1/toolchain/bin/../lib/gcc/riscv-none-embed/8.3.0/rv32i/ilp32\libgcc.a(floatsidf.o)
 .debug_frame   0x00000000000001bc       0x20 h:/vendors/efinity/efinity-riscv-ide-2025.1/toolchain/bin/../lib/gcc/riscv-none-embed/8.3.0/rv32i/ilp32\libgcc.a(gesf2.o)
 .debug_frame   0x00000000000001dc       0x20 h:/vendors/efinity/efinity-riscv-ide-2025.1/toolchain/bin/../lib/gcc/riscv-none-embed/8.3.0/rv32i/ilp32\libgcc.a(lesf2.o)
 .debug_frame   0x00000000000001fc       0x20 h:/vendors/efinity/efinity-riscv-ide-2025.1/toolchain/bin/../lib/gcc/riscv-none-embed/8.3.0/rv32i/ilp32\libgcc.a(fixsfsi.o)
 .debug_frame   0x000000000000021c       0x38 h:/vendors/efinity/efinity-riscv-ide-2025.1/toolchain/bin/../lib/gcc/riscv-none-embed/8.3.0/rv32i/ilp32\libgcc.a(extendsfdf2.o)
 .debug_frame   0x0000000000000254       0x20 h:/vendors/efinity/efinity-riscv-ide-2025.1/toolchain/bin/../lib/gcc/riscv-none-embed/8.3.0/rv32i/ilp32\libgcc.a(truncdfsf2.o)
 .debug_frame   0x0000000000000274       0x20 h:/vendors/efinity/efinity-riscv-ide-2025.1/toolchain/bin/../lib/gcc/riscv-none-embed/8.3.0/rv32i/ilp32\libgcc.a(_clzsi2.o)
 .debug_frame   0x0000000000000294       0x48 h:/vendors/efinity/efinity-riscv-ide-2025.1/toolchain/bin/../lib/gcc/riscv-none-embed/8.3.0/../../../../riscv-none-embed/lib/rv32i/ilp32\libm.a(lib_a-w_pow.o)
 .debug_frame   0x00000000000002dc       0xa4 h:/vendors/efinity/efinity-riscv-ide-2025.1/toolchain/bin/../lib/gcc/riscv-none-embed/8.3.0/../../../../riscv-none-embed/lib/rv32i/ilp32\libm.a(lib_a-e_pow.o)
 .debug_frame   0x0000000000000380       0x48 h:/vendors/efinity/efinity-riscv-ide-2025.1/toolchain/bin/../lib/gcc/riscv-none-embed/8.3.0/../../../../riscv-none-embed/lib/rv32i/ilp32\libm.a(lib_a-e_sqrt.o)
 .debug_frame   0x00000000000003c8       0x20 h:/vendors/efinity/efinity-riscv-ide-2025.1/toolchain/bin/../lib/gcc/riscv-none-embed/8.3.0/../../../../riscv-none-embed/lib/rv32i/ilp32\libm.a(lib_a-s_fabs.o)
 .debug_frame   0x00000000000003e8       0x20 h:/vendors/efinity/efinity-riscv-ide-2025.1/toolchain/bin/../lib/gcc/riscv-none-embed/8.3.0/../../../../riscv-none-embed/lib/rv32i/ilp32\libm.a(lib_a-s_finite.o)
 .debug_frame   0x0000000000000408       0x20 h:/vendors/efinity/efinity-riscv-ide-2025.1/toolchain/bin/../lib/gcc/riscv-none-embed/8.3.0/../../../../riscv-none-embed/lib/rv32i/ilp32\libm.a(lib_a-s_nan.o)
 .debug_frame   0x0000000000000428       0x40 h:/vendors/efinity/efinity-riscv-ide-2025.1/toolchain/bin/../lib/gcc/riscv-none-embed/8.3.0/../../../../riscv-none-embed/lib/rv32i/ilp32\libm.a(lib_a-s_rint.o)
 .debug_frame   0x0000000000000468       0x5c h:/vendors/efinity/efinity-riscv-ide-2025.1/toolchain/bin/../lib/gcc/riscv-none-embed/8.3.0/../../../../riscv-none-embed/lib/rv32i/ilp32\libm.a(lib_a-s_scalbn.o)
 .debug_frame   0x00000000000004c4       0x44 h:/vendors/efinity/efinity-riscv-ide-2025.1/toolchain/bin/../lib/gcc/riscv-none-embed/8.3.0/rv32i/ilp32\libgcc.a(adddf3.o)
 .debug_frame   0x0000000000000508       0x60 h:/vendors/efinity/efinity-riscv-ide-2025.1/toolchain/bin/../lib/gcc/riscv-none-embed/8.3.0/rv32i/ilp32\libgcc.a(divdf3.o)
 .debug_frame   0x0000000000000568       0x20 h:/vendors/efinity/efinity-riscv-ide-2025.1/toolchain/bin/../lib/gcc/riscv-none-embed/8.3.0/rv32i/ilp32\libgcc.a(eqdf2.o)
 .debug_frame   0x0000000000000588       0x20 h:/vendors/efinity/efinity-riscv-ide-2025.1/toolchain/bin/../lib/gcc/riscv-none-embed/8.3.0/rv32i/ilp32\libgcc.a(gedf2.o)
 .debug_frame   0x00000000000005a8       0x20 h:/vendors/efinity/efinity-riscv-ide-2025.1/toolchain/bin/../lib/gcc/riscv-none-embed/8.3.0/rv32i/ilp32\libgcc.a(unorddf2.o)
 .debug_frame   0x00000000000005c8       0x20 h:/vendors/efinity/efinity-riscv-ide-2025.1/toolchain/bin/../lib/gcc/riscv-none-embed/8.3.0/../../../../riscv-none-embed/lib/rv32i/ilp32\libg.a(lib_a-errno.o)
